SourcePawn Compiler 1.12.0.7246
Copyright (c) 1997-2006 ITB CompuPhase
Copyright (c) 2004-2024 AlliedModders LLC

addons/sourcemod/scripting/bot overhaul/bot_ai.sp(2203) : error 029: invalid expression, assumed zero
  2203 | \tif (value < 0.0)
---------^

addons/sourcemod/scripting/bot overhaul/bot_ai.sp(2203) : error 001: expected token: ";", but found "\"
  2203 | \tif (value < 0.0)
--------------------------^

addons/sourcemod/scripting/bot overhaul/bot_ai.sp(2204) : error 029: invalid expression, assumed zero
  2204 | \t{
---------^

addons/sourcemod/scripting/bot overhaul/bot_ai.sp(2204) : error 001: expected token: ";", but found "{"
  2204 | \t{
----------^

addons/sourcemod/scripting/bot overhaul/bot_ai.sp(2205) : error 029: invalid expression, assumed zero
  2205 | \t\treturn 0.0;
---------^

addons/sourcemod/scripting/bot overhaul/bot_ai.sp(2205) : error 001: expected token: ";", but found "\"
  2205 | \t\treturn 0.0;
----------^

addons/sourcemod/scripting/bot overhaul/bot_ai.sp(2205) : error 029: invalid expression, assumed zero
  2205 | \t\treturn 0.0;
-----------^

7 Errors.
