SourcePawn Compiler 1.12.0.7246
Copyright (c) 1997-2006 ITB CompuPhase
Copyright (c) 2004-2024 AlliedModders LLC

/home/runner/work/TF2-Bot-Overhaul-Continued/TF2-Bot-Overhaul-Continued/tf/addons/sourcemod/scripting/bot overhaul/automaticbotnames.sp(441) : warning 242: function "Command_Reload" should return an explicit value
   441 | public Action Command_Reload(int args)
-----------------------^

/home/runner/work/TF2-Bot-Overhaul-Continued/TF2-Bot-Overhaul-Continued/tf/addons/sourcemod/scripting/bot overhaul/automaticbotnames.sp(500) : warning 242: function "Timer_BotSetup" should return an explicit value
   500 | public Action Timer_BotSetup(Handle timer, any client)
-----------------------^
Code size:         14720 bytes
Data size:         5192 bytes
Stack/heap size:      19344 bytes
Total requirements:   39256 bytes

2 Warnings.
SourcePawn Compiler 1.12.0.7246
Copyright (c) 1997-2006 ITB CompuPhase
Copyright (c) 2004-2024 AlliedModders LLC

/home/runner/work/TF2-Bot-Overhaul-Continued/TF2-Bot-Overhaul-Continued/tf/addons/sourcemod/scripting/bot overhaul/bot_ai.sp(23) : warning 241: scalar assignment to array is deprecated; use "{ <val>, ... }" instead
    23 | bool ban_primary[MAXPLAYERS+1] = false;
------------------------------------------^

/home/runner/work/TF2-Bot-Overhaul-Continued/TF2-Bot-Overhaul-Continued/tf/addons/sourcemod/scripting/bot overhaul/bot_ai.sp(24) : warning 241: scalar assignment to array is deprecated; use "{ <val>, ... }" instead
    24 | bool ban_secondary[MAXPLAYERS+1] = false;
--------------------------------------------^

/home/runner/work/TF2-Bot-Overhaul-Continued/TF2-Bot-Overhaul-Continued/tf/addons/sourcemod/scripting/bot overhaul/bot_ai.sp(25) : warning 241: scalar assignment to array is deprecated; use "{ <val>, ... }" instead
    25 | bool ban_melee[MAXPLAYERS+1] = false;
----------------------------------------^

/home/runner/work/TF2-Bot-Overhaul-Continued/TF2-Bot-Overhaul-Continued/tf/addons/sourcemod/scripting/bot overhaul/bot_ai.sp(26) : warning 241: scalar assignment to array is deprecated; use "{ <val>, ... }" instead
    26 | bool SapTime[MAXPLAYERS+1] = false;
--------------------------------------^

/home/runner/work/TF2-Bot-Overhaul-Continued/TF2-Bot-Overhaul-Continued/tf/addons/sourcemod/scripting/bot overhaul/bot_ai.sp(27) : warning 241: scalar assignment to array is deprecated; use "{ <val>, ... }" instead
    27 | bool MedkitNear[MAXPLAYERS+1] = false;
-----------------------------------------^

/home/runner/work/TF2-Bot-Overhaul-Continued/TF2-Bot-Overhaul-Continued/tf/addons/sourcemod/scripting/bot overhaul/bot_ai.sp(28) : warning 241: scalar assignment to array is deprecated; use "{ <val>, ... }" instead
    28 | bool SpyAttack[MAXPLAYERS+1] = false;
----------------------------------------^

/home/runner/work/TF2-Bot-Overhaul-Continued/TF2-Bot-Overhaul-Continued/tf/addons/sourcemod/scripting/bot overhaul/bot_ai.sp(29) : warning 241: scalar assignment to array is deprecated; use "{ <val>, ... }" instead
    29 | bool ImproveAI[MAXPLAYERS+1] = false;
----------------------------------------^

/home/runner/work/TF2-Bot-Overhaul-Continued/TF2-Bot-Overhaul-Continued/tf/addons/sourcemod/scripting/bot overhaul/bot_ai.sp(150) : warning 242: function "RoundStarted" should return an explicit value
   150 | public Action RoundStarted(Handle event, const char[] name, bool dontBroadcast)
-----------------------^

/home/runner/work/TF2-Bot-Overhaul-Continued/TF2-Bot-Overhaul-Continued/tf/addons/sourcemod/scripting/bot overhaul/bot_ai.sp(155) : warning 242: function "SetupStarted" should return an explicit value
   155 | public Action SetupStarted(Handle event, const char[] name, bool dontBroadcast)
-----------------------^

/home/runner/work/TF2-Bot-Overhaul-Continued/TF2-Bot-Overhaul-Continued/tf/addons/sourcemod/scripting/bot overhaul/bot_ai.sp(864) : warning 213: tag mismatch (expected "int", got "TFClassType")
   864 |                                                 if(IsTargetInSightRange(client, EntSpy) && class == TFClass_Pyro || IsTargetInSightRange(client, EntSpy) && disguisetarget == client && disguiseclass == class || IsTargetInSightRange(client, EntSpy) && disguiseclass == 1 && IsClientMoving(EntSpy) || IsTargetInSightRange(client, EntSpy) && disguiseclass == 5)
---------------------------------------------------------------------------------------------------------------------------------------------------------------------------------------------------------------^
Code size:         127016 bytes
Data size:         36072 bytes
Stack/heap size:      17404 bytes
Total requirements:  180492 bytes

10 Warnings.
SourcePawn Compiler 1.12.0.7246
Copyright (c) 1997-2006 ITB CompuPhase
Copyright (c) 2004-2024 AlliedModders LLC

/home/runner/work/TF2-Bot-Overhaul-Continued/TF2-Bot-Overhaul-Continued/tf/addons/sourcemod/scripting/bot overhaul/bot_rocketjump.sp(28) : error 450: no viable conversion from "float[3]" to "float"
    28 |         return vel;
-----------------^

/home/runner/work/TF2-Bot-Overhaul-Continued/TF2-Bot-Overhaul-Continued/tf/addons/sourcemod/scripting/bot overhaul/bot_rocketjump.sp(245) : error 450: no viable conversion from "float" to "float[3]"
   245 |                                                                         vel = moveForward(vel,300.0);
-------------------------------------------------------------------------------------^

/home/runner/work/TF2-Bot-Overhaul-Continued/TF2-Bot-Overhaul-Continued/tf/addons/sourcemod/scripting/bot overhaul/bot_rocketjump.sp(258) : error 450: no viable conversion from "float" to "float[3]"
   258 |                                                                         vel = moveForward(vel,300.0);
-------------------------------------------------------------------------------------^

/home/runner/work/TF2-Bot-Overhaul-Continued/TF2-Bot-Overhaul-Continued/tf/addons/sourcemod/scripting/bot overhaul/bot_rocketjump.sp(262) : error 450: no viable conversion from "float" to "float[3]"
   262 |                                                                         vel = moveForward(vel,300.0);
-------------------------------------------------------------------------------------^

/home/runner/work/TF2-Bot-Overhaul-Continued/TF2-Bot-Overhaul-Continued/tf/addons/sourcemod/scripting/bot overhaul/bot_rocketjump.sp(278) : error 450: no viable conversion from "float" to "float[3]"
   278 |                                                                         vel = moveForward(vel,300.0);
-------------------------------------------------------------------------------------^

/home/runner/work/TF2-Bot-Overhaul-Continued/TF2-Bot-Overhaul-Continued/tf/addons/sourcemod/scripting/bot overhaul/bot_rocketjump.sp(327) : error 450: no viable conversion from "float" to "float[3]"
   327 |                                                                         vel = moveForward(vel,300.0);
-------------------------------------------------------------------------------------^

/home/runner/work/TF2-Bot-Overhaul-Continued/TF2-Bot-Overhaul-Continued/tf/addons/sourcemod/scripting/bot overhaul/bot_rocketjump.sp(340) : error 450: no viable conversion from "float" to "float[3]"
   340 |                                                                         vel = moveForward(vel,300.0);
-------------------------------------------------------------------------------------^

/home/runner/work/TF2-Bot-Overhaul-Continued/TF2-Bot-Overhaul-Continued/tf/addons/sourcemod/scripting/bot overhaul/bot_rocketjump.sp(353) : error 450: no viable conversion from "float" to "float[3]"
   353 |                                                                         vel = moveForward(vel,300.0);
-------------------------------------------------------------------------------------^

/home/runner/work/TF2-Bot-Overhaul-Continued/TF2-Bot-Overhaul-Continued/tf/addons/sourcemod/scripting/bot overhaul/bot_rocketjump.sp(357) : error 450: no viable conversion from "float" to "float[3]"
   357 |                                                                         vel = moveForward(vel,300.0);
-------------------------------------------------------------------------------------^

/home/runner/work/TF2-Bot-Overhaul-Continued/TF2-Bot-Overhaul-Continued/tf/addons/sourcemod/scripting/bot overhaul/bot_rocketjump.sp(373) : error 450: no viable conversion from "float" to "float[3]"
   373 |                                                                         vel = moveForward(vel,300.0);
-------------------------------------------------------------------------------------^

/home/runner/work/TF2-Bot-Overhaul-Continued/TF2-Bot-Overhaul-Continued/tf/addons/sourcemod/scripting/bot overhaul/bot_rocketjump.sp(389) : error 450: no viable conversion from "float" to "float[3]"
   389 |                                                                         vel = moveForward(vel,300.0);
-------------------------------------------------------------------------------------^

/home/runner/work/TF2-Bot-Overhaul-Continued/TF2-Bot-Overhaul-Continued/tf/addons/sourcemod/scripting/bot overhaul/bot_rocketjump.sp(443) : error 450: no viable conversion from "float" to "float[3]"
   443 |                                                                         vel = moveForward(vel,300.0);
-------------------------------------------------------------------------------------^

/home/runner/work/TF2-Bot-Overhaul-Continued/TF2-Bot-Overhaul-Continued/tf/addons/sourcemod/scripting/bot overhaul/bot_rocketjump.sp(456) : error 450: no viable conversion from "float" to "float[3]"
   456 |                                                                         vel = moveForward(vel,300.0);
-------------------------------------------------------------------------------------^

/home/runner/work/TF2-Bot-Overhaul-Continued/TF2-Bot-Overhaul-Continued/tf/addons/sourcemod/scripting/bot overhaul/bot_rocketjump.sp(469) : error 450: no viable conversion from "float" to "float[3]"
   469 |                                                                         vel = moveForward(vel,300.0);
-------------------------------------------------------------------------------------^

/home/runner/work/TF2-Bot-Overhaul-Continued/TF2-Bot-Overhaul-Continued/tf/addons/sourcemod/scripting/bot overhaul/bot_rocketjump.sp(473) : error 450: no viable conversion from "float" to "float[3]"
   473 |                                                                         vel = moveForward(vel,300.0);
-------------------------------------------------------------------------------------^

/home/runner/work/TF2-Bot-Overhaul-Continued/TF2-Bot-Overhaul-Continued/tf/addons/sourcemod/scripting/bot overhaul/bot_rocketjump.sp(489) : error 450: no viable conversion from "float" to "float[3]"
   489 |                                                                         vel = moveForward(vel,300.0);
-------------------------------------------------------------------------------------^

/home/runner/work/TF2-Bot-Overhaul-Continued/TF2-Bot-Overhaul-Continued/tf/addons/sourcemod/scripting/bot overhaul/bot_rocketjump.sp(505) : error 450: no viable conversion from "float" to "float[3]"
   505 |                                                                         vel = moveForward(vel,300.0);
-------------------------------------------------------------------------------------^

/home/runner/work/TF2-Bot-Overhaul-Continued/TF2-Bot-Overhaul-Continued/tf/addons/sourcemod/scripting/bot overhaul/bot_rocketjump.sp(566) : error 450: no viable conversion from "float" to "float[3]"
   566 |                                                                         vel = moveForward(vel,300.0);
-------------------------------------------------------------------------------------^

/home/runner/work/TF2-Bot-Overhaul-Continued/TF2-Bot-Overhaul-Continued/tf/addons/sourcemod/scripting/bot overhaul/bot_rocketjump.sp(579) : error 450: no viable conversion from "float" to "float[3]"
   579 |                                                                         vel = moveForward(vel,300.0);
-------------------------------------------------------------------------------------^

/home/runner/work/TF2-Bot-Overhaul-Continued/TF2-Bot-Overhaul-Continued/tf/addons/sourcemod/scripting/bot overhaul/bot_rocketjump.sp(592) : error 450: no viable conversion from "float" to "float[3]"
   592 |                                                                         vel = moveForward(vel,300.0);
-------------------------------------------------------------------------------------^

/home/runner/work/TF2-Bot-Overhaul-Continued/TF2-Bot-Overhaul-Continued/tf/addons/sourcemod/scripting/bot overhaul/bot_rocketjump.sp(605) : error 450: no viable conversion from "float" to "float[3]"
   605 |                                                                         vel = moveForward(vel,300.0);
-------------------------------------------------------------------------------------^

/home/runner/work/TF2-Bot-Overhaul-Continued/TF2-Bot-Overhaul-Continued/tf/addons/sourcemod/scripting/bot overhaul/bot_rocketjump.sp(618) : error 450: no viable conversion from "float" to "float[3]"
   618 |                                                                         vel = moveForward(vel,300.0);
-------------------------------------------------------------------------------------^

/home/runner/work/TF2-Bot-Overhaul-Continued/TF2-Bot-Overhaul-Continued/tf/addons/sourcemod/scripting/bot overhaul/bot_rocketjump.sp(622) : error 450: no viable conversion from "float" to "float[3]"
   622 |                                                                         vel = moveForward(vel,300.0);
-------------------------------------------------------------------------------------^

/home/runner/work/TF2-Bot-Overhaul-Continued/TF2-Bot-Overhaul-Continued/tf/addons/sourcemod/scripting/bot overhaul/bot_rocketjump.sp(638) : error 450: no viable conversion from "float" to "float[3]"
   638 |                                                                         vel = moveForward(vel,300.0);
-------------------------------------------------------------------------------------^

/home/runner/work/TF2-Bot-Overhaul-Continued/TF2-Bot-Overhaul-Continued/tf/addons/sourcemod/scripting/bot overhaul/bot_rocketjump.sp(654) : error 450: no viable conversion from "float" to "float[3]"
   654 |                                                                         vel = moveForward(vel,300.0);
-------------------------------------------------------------------------------------^

/home/runner/work/TF2-Bot-Overhaul-Continued/TF2-Bot-Overhaul-Continued/tf/addons/sourcemod/scripting/bot overhaul/bot_rocketjump.sp(670) : error 450: no viable conversion from "float" to "float[3]"
   670 |                                                                         vel = moveForward(vel,300.0);
-------------------------------------------------------------------------------------^

/home/runner/work/TF2-Bot-Overhaul-Continued/TF2-Bot-Overhaul-Continued/tf/addons/sourcemod/scripting/bot overhaul/bot_rocketjump.sp(686) : error 450: no viable conversion from "float" to "float[3]"
   686 |                                                                         vel = moveForward(vel,300.0);
-------------------------------------------------------------------------------------^

/home/runner/work/TF2-Bot-Overhaul-Continued/TF2-Bot-Overhaul-Continued/tf/addons/sourcemod/scripting/bot overhaul/bot_rocketjump.sp(746) : error 450: no viable conversion from "float" to "float[3]"
   746 |                                                                         vel = moveForward(vel,300.0);
-------------------------------------------------------------------------------------^

/home/runner/work/TF2-Bot-Overhaul-Continued/TF2-Bot-Overhaul-Continued/tf/addons/sourcemod/scripting/bot overhaul/bot_rocketjump.sp(759) : error 450: no viable conversion from "float" to "float[3]"
   759 |                                                                         vel = moveForward(vel,300.0);
-------------------------------------------------------------------------------------^

/home/runner/work/TF2-Bot-Overhaul-Continued/TF2-Bot-Overhaul-Continued/tf/addons/sourcemod/scripting/bot overhaul/bot_rocketjump.sp(772) : error 450: no viable conversion from "float" to "float[3]"
   772 |                                                                         vel = moveForward(vel,300.0);
-------------------------------------------------------------------------------------^

/home/runner/work/TF2-Bot-Overhaul-Continued/TF2-Bot-Overhaul-Continued/tf/addons/sourcemod/scripting/bot overhaul/bot_rocketjump.sp(785) : error 450: no viable conversion from "float" to "float[3]"
   785 |                                                                         vel = moveForward(vel,300.0);
-------------------------------------------------------------------------------------^

/home/runner/work/TF2-Bot-Overhaul-Continued/TF2-Bot-Overhaul-Continued/tf/addons/sourcemod/scripting/bot overhaul/bot_rocketjump.sp(789) : error 450: no viable conversion from "float" to "float[3]"
   789 |                                                                         vel = moveForward(vel,300.0);
-------------------------------------------------------------------------------------^

/home/runner/work/TF2-Bot-Overhaul-Continued/TF2-Bot-Overhaul-Continued/tf/addons/sourcemod/scripting/bot overhaul/bot_rocketjump.sp(805) : error 450: no viable conversion from "float" to "float[3]"
   805 |                                                                         vel = moveForward(vel,300.0);
-------------------------------------------------------------------------------------^

/home/runner/work/TF2-Bot-Overhaul-Continued/TF2-Bot-Overhaul-Continued/tf/addons/sourcemod/scripting/bot overhaul/bot_rocketjump.sp(821) : error 450: no viable conversion from "float" to "float[3]"
   821 |                                                                         vel = moveForward(vel,300.0);
-------------------------------------------------------------------------------------^

/home/runner/work/TF2-Bot-Overhaul-Continued/TF2-Bot-Overhaul-Continued/tf/addons/sourcemod/scripting/bot overhaul/bot_rocketjump.sp(833) : error 450: no viable conversion from "float" to "float[3]"
   833 |                                                                                 vel = moveForward(vel,300.0);
---------------------------------------------------------------------------------------------^

/home/runner/work/TF2-Bot-Overhaul-Continued/TF2-Bot-Overhaul-Continued/tf/addons/sourcemod/scripting/bot overhaul/bot_rocketjump.sp(838) : error 450: no viable conversion from "float" to "float[3]"
   838 |                                                                         vel = moveForward(vel,300.0);
-------------------------------------------------------------------------------------^

/home/runner/work/TF2-Bot-Overhaul-Continued/TF2-Bot-Overhaul-Continued/tf/addons/sourcemod/scripting/bot overhaul/bot_rocketjump.sp(896) : error 450: no viable conversion from "float" to "float[3]"
   896 |                                                                         vel = moveForward(vel,300.0);
-------------------------------------------------------------------------------------^

/home/runner/work/TF2-Bot-Overhaul-Continued/TF2-Bot-Overhaul-Continued/tf/addons/sourcemod/scripting/bot overhaul/bot_rocketjump.sp(909) : error 450: no viable conversion from "float" to "float[3]"
   909 |                                                                         vel = moveForward(vel,300.0);
-------------------------------------------------------------------------------------^

/home/runner/work/TF2-Bot-Overhaul-Continued/TF2-Bot-Overhaul-Continued/tf/addons/sourcemod/scripting/bot overhaul/bot_rocketjump.sp(922) : error 450: no viable conversion from "float" to "float[3]"
   922 |                                                                         vel = moveForward(vel,300.0);
-------------------------------------------------------------------------------------^

/home/runner/work/TF2-Bot-Overhaul-Continued/TF2-Bot-Overhaul-Continued/tf/addons/sourcemod/scripting/bot overhaul/bot_rocketjump.sp(935) : error 450: no viable conversion from "float" to "float[3]"
   935 |                                                                         vel = moveForward(vel,300.0);
-------------------------------------------------------------------------------------^

/home/runner/work/TF2-Bot-Overhaul-Continued/TF2-Bot-Overhaul-Continued/tf/addons/sourcemod/scripting/bot overhaul/bot_rocketjump.sp(954) : error 450: no viable conversion from "float" to "float[3]"
   954 |                                                                                 vel = moveForward(vel,300.0);
---------------------------------------------------------------------------------------------^

/home/runner/work/TF2-Bot-Overhaul-Continued/TF2-Bot-Overhaul-Continued/tf/addons/sourcemod/scripting/bot overhaul/bot_rocketjump.sp(959) : error 450: no viable conversion from "float" to "float[3]"
   959 |                                                                         vel = moveForward(vel,300.0);
-------------------------------------------------------------------------------------^

/home/runner/work/TF2-Bot-Overhaul-Continued/TF2-Bot-Overhaul-Continued/tf/addons/sourcemod/scripting/bot overhaul/bot_rocketjump.sp(975) : error 450: no viable conversion from "float" to "float[3]"
   975 |                                                                         vel = moveForward(vel,300.0);
-------------------------------------------------------------------------------------^

/home/runner/work/TF2-Bot-Overhaul-Continued/TF2-Bot-Overhaul-Continued/tf/addons/sourcemod/scripting/bot overhaul/bot_rocketjump.sp(991) : error 450: no viable conversion from "float" to "float[3]"
   991 |                                                                         vel = moveForward(vel,300.0);
-------------------------------------------------------------------------------------^

/home/runner/work/TF2-Bot-Overhaul-Continued/TF2-Bot-Overhaul-Continued/tf/addons/sourcemod/scripting/bot overhaul/bot_rocketjump.sp(1007) : error 450: no viable conversion from "float" to "float[3]"
  1007 |                                                                         vel = moveForward(vel,300.0);
-------------------------------------------------------------------------------------^

45 Errors.
